Microchip MPLAB XC8 Compiler V2.05 ()

Linker command line:

-W-3 --edf=D:\Program Files\Microchip\xc8\v2.05\pic\dat\en_msgs.txt -cs \
  -h+dist/default/production\Smart_Car.X.production.sym \
  --cmf=dist/default/production\Smart_Car.X.production.cmf -z -Q18F46K22 \
  -oC:\Users\georg\AppData\Local\Temp\s52k.2 --defsym=__MPLAB_BUILD=1 \
  -Mdist/default/production/Smart_Car.X.production.map -E1 -ver=XC8 \
  --acfsm=1493 -ASTACK=0C0h-0F37h -pstack=STACK -ACODE=00h-0FFFFh \
  -ACONST=00h-0FFFFh -ASMALLCONST=01000h-010FFhx240 \
  -AMEDIUMCONST=01000h-0FFFFh -ACOMRAM=01h-05Fh -AABS1=00h-0F37h \
  -ABIGRAM=01h-0F37h -ARAM=060h-0FFh,0100h-01FFhx14,0F00h-0F37h \
  -ABANK0=060h-0FFh -ABANK1=0100h-01FFh -ABANK2=0200h-02FFh \
  -ABANK3=0300h-03FFh -ABANK4=0400h-04FFh -ABANK5=0500h-05FFh \
  -ABANK6=0600h-06FFh -ABANK7=0700h-07FFh -ABANK8=0800h-08FFh \
  -ABANK9=0900h-09FFh -ABANK10=0A00h-0AFFh -ABANK11=0B00h-0BFFh \
  -ABANK12=0C00h-0CFFh -ABANK13=0D00h-0DFFh -ABANK14=0E00h-0EFFh \
  -ABANK15=0F00h-0F37h -ASFR=0F38h-0F5Fh,0F60h-0FFFh \
  -preset_vec=00h,intcode=08h,intcodelo,powerup,init -pramtop=01000h \
  -psmallconst=SMALLCONST -pmediumconst=MEDIUMCONST -pconst=CONST \
  -AFARRAM=00h-00h -ACONFIG=0300000h-030000Dh -pconfig=CONFIG \
  -AIDLOC=0200000h-0200007h -pidloc=IDLOC -AEEDATA=0F00000h-0F003FFh \
  -peeprom_data=EEDATA \
  -prdata=COMRAM,nvrram=COMRAM,nvbit=COMRAM,rbss=COMRAM,rbit=COMRAM \
  -pfarbss=FARRAM,fardata=FARRAM,nvFARRAM=FARRAM \
  -pintsave_regs=BIGRAM,bigbss=BIGRAM,bigdata=BIGRAM -pbss=RAM \
  -pidata=CODE,irdata=CODE,ibigdata=CODE,ifardata=CODE -prparam=COMRAM \
  C:\Users\georg\AppData\Local\Temp\s52k.o \
  dist/default/production\Smart_Car.X.production.o 

Object code version is 3.11

Machine type is 18F46K22

Call graph: (short form)




                Name                               Link     Load   Length Selector   Space Scale
C:\Users\georg\AppData\Local\Temp\s52k.o
                init                                 2E       2E        4        4       0
                reset_vec                             0        0        4        0       0
                idloc                            200000   200000        8   200000       0
                config                           300000   300000        E   300000       0
dist/default/production\Smart_Car.X.production.o
                intcode                               8        8       26        4       0
                temp                                 5F       5F        1        1       1
                smallconst                         1000     1000       16      800       0
                text16                             16C2     16C2       84      80B       0
                text15                             1016     1016      352      80B       0
                text14                             1584     1584       BA      80B       0
                text13                             1368     1368      140      80B       0
                text12                             14A8     14A8       DC      80B       0
                text11                             1900     1900       34      80B       0
                text9                              1986     1986       1A      80B       0
                text8                              1838     1838       5C      80B       0
                text7                              19AE     19AE        E      80B       0
                text6                              19A0     19A0        E      80B       0
                text5                              163E     163E       84      80B       0
                text4                              1934     1934       2C      80B       0
                text3                              17C0     17C0       78      80B       0
                text2                              1894     1894       38      80B       0
                text1                              18CC     18CC       34      80B       0
                text0                              1746     1746       7A      80B       0
                cstackCOMRAM                          1        1       3A        1       1
                cstackBANK0                          BA       BA        6       60       1
                bssBANK0                             60       60       5A       60       1
                bssCOMRAM                            3B       3B       22        1       1
                cinit                              1960     1960       26      80B       0
                nvCOMRAM                             5D       5D        2        1       1

TOTAL           Name                               Link     Load   Length     Space
        CLASS   STACK          

        CLASS   CODE           
                intcode                               8        8       26         0
                init                                 2E       2E        4         0
                reset_vec                             0        0        4         0
                text16                             16C2     16C2       84         0
                text15                             1016     1016      352         0
                text14                             1584     1584       BA         0
                text13                             1368     1368      140         0
                text12                             14A8     14A8       DC         0
                text11                             1900     1900       34         0
                text9                              1986     1986       1A         0
                text8                              1838     1838       5C         0
                text7                              19AE     19AE        E         0
                text6                              19A0     19A0        E         0
                text5                              163E     163E       84         0
                text4                              1934     1934       2C         0
                text3                              17C0     17C0       78         0
                text2                              1894     1894       38         0
                text1                              18CC     18CC       34         0
                text0                              1746     1746       7A         0
                cinit                              1960     1960       26         0

        CLASS   CONST          

        CLASS   SMALLCONST     
                smallconst                         1000     1000       16         0

        CLASS   MEDIUMCONST    

        CLASS   COMRAM         
                temp                                 5F       5F        1         1
                cstackCOMRAM                          1        1       3A         1
                bssCOMRAM                            3B       3B       22         1
                nvCOMRAM                             5D       5D        2         1

        CLASS   ABS1           

        CLASS   BIGRAM         

        CLASS   RAM            

        CLASS   BANK0          
                cstackBANK0                          BA       BA        6         1
                bssBANK0                             60       60       5A         1

        CLASS   BANK1          

        CLASS   BANK2          

        CLASS   BANK3          

        CLASS   BANK4          

        CLASS   BANK5          

        CLASS   BANK6          

        CLASS   BANK7          

        CLASS   BANK8          

        CLASS   BANK9          

        CLASS   BANK10         

        CLASS   BANK11         

        CLASS   BANK12         

        CLASS   BANK13         

        CLASS   BANK14         

        CLASS   BANK15         

        CLASS   SFR            

        CLASS   FARRAM         

        CLASS   CONFIG         
                config                           300000   300000        E         0

        CLASS   IDLOC          
                idloc                            200000   200000        8         0

        CLASS   EEDATA         



SEGMENTS        Name                           Load    Length   Top    Selector   Space  Class

                reset_vec                      000000  000004  000004         0       0  CODE    
                cstackCOMRAM                   000001  00005F  000060         1       1  COMRAM  
                intcode                        000008  00002A  000032         4       0  CODE    
                bssBANK0                       000060  000060  0000C0        60       1  BANK0   
                smallconst                     001000  000016  001016       800       0  SMALLCON
                text15                         001016  0009A6  0019BC       80B       0  CODE    
                idloc                          200000  000008  200008    200000       0  IDLOC   
                config                         300000  00000E  30000E    300000       0  CONFIG  


UNUSED ADDRESS RANGES

        Name                Unused          Largest block    Delta
        BANK0            0000C0-0000FF               40
        BANK1            000100-0001FF              100
        BANK10           000A00-000AFF              100
        BANK11           000B00-000BFF              100
        BANK12           000C00-000CFF              100
        BANK13           000D00-000DFF              100
        BANK14           000E00-000EFF              100
        BANK15           000F00-000F37               38
        BANK2            000200-0002FF              100
        BANK3            000300-0003FF              100
        BANK4            000400-0004FF              100
        BANK5            000500-0005FF              100
        BANK6            000600-0006FF              100
        BANK7            000700-0007FF              100
        BANK8            000800-0008FF              100
        BANK9            000900-0009FF              100
        BIGRAM           0000C0-000F37              E78
        CODE             000004-000007                4
                         000032-000FFF              FCE
                         0019BC-00FFFF             E644
        CONST            000004-000007                4
                         000032-000FFF              FCE
                         0019BC-00FFFF             E644
        EEDATA           F00000-F003FF              400
        MEDIUMCONST      0019BC-00FFFF             E644
        RAM              0000C0-000F37              100
        SFR              000F38-000FFF               28
        SMALLCONST       0019BC-00FFFF              100
        STACK            0000C0-000F37              E78

                                  Symbol Table

?___awdiv                     cstackCOMRAM 000001
?___flmul                     cstackCOMRAM 00000F
?___fltol                     cstackCOMRAM 000028
?___xxtofl                    cstackCOMRAM 000001
USART2Init@baud_rate          cstackBANK0  0000BA
USART2WriteChar@ch            cstackBANK0  0000BA
USART2WriteString@str         cstackBANK0  0000BB
USARTInit@baud_rate           cstackBANK0  0000BA
_ADCON0                       (abs)        000FC2
_ADCON0bits                   (abs)        000FC2
_ADCON1                       (abs)        000FC1
_ADCON2                       (abs)        000FC0
_ADCON2bits                   (abs)        000FC0
_ADRESH                       (abs)        000FC4
_ANSELA                       (abs)        000F38
_ANSELAbits                   (abs)        000F38
_ANSELB                       (abs)        000F39
_ANSELC                       (abs)        000F3A
_ANSELD                       (abs)        000F3B
_ANSELE                       (abs)        000F3C
_BAUDCON2bits                 (abs)        000F70
_CCP1CON                      (abs)        000FBD
_CCP2CON                      (abs)        000F66
_CCP3CON                      (abs)        000F5D
_CCPR1L                       (abs)        000FBE
_CCPR2L                       (abs)        000F67
_CCPR3L                       (abs)        000F5E
_CCPTMRS0                     (abs)        000F49
_INTCONbits                   (abs)        000FF2
_Ibat                         bssCOMRAM    00004B
_LATA                         (abs)        000F89
_LATB                         (abs)        000F8A
_LATC                         (abs)        000F8B
_LATD                         (abs)        000F8C
_LATDbits                     (abs)        000F8C
_LATE                         (abs)        000F8D
_OSCCON                       (abs)        000FD3
_OSCTUNEbits                  (abs)        000F9B
_PIE1bits                     (abs)        000F9D
_PIE3bits                     (abs)        000FA3
_PIR1bits                     (abs)        000F9E
_PIR3bits                     (abs)        000FA4
_PORTA                        (abs)        000F80
_PORTAbits                    (abs)        000F80
_PORTB                        (abs)        000F81
_PORTBbits                    (abs)        000F81
_PORTC                        (abs)        000F82
_PORTD                        (abs)        000F83
_PORTE                        (abs)        000F84
_PR2                          (abs)        000FBB
_RC1IF                        (abs)        007CF5
_RCREG                        (abs)        000FAE
_RCREG1                       (abs)        000FAE
_RCSTA1bits                   (abs)        000FAB
_RCSTA2bits                   (abs)        000F71
_SPBRG1                       (abs)        000FAF
_SPBRG2                       (abs)        000F75
_SPBRGH2                      (abs)        000F76
_T2CON                        (abs)        000FBA
_TMR                          bssCOMRAM    000059
_TMR1                         (abs)        000FCE
_TMR3                         (abs)        000FB2
_TRISA                        (abs)        000F92
_TRISAbits                    (abs)        000F92
_TRISB                        (abs)        000F93
_TRISC                        (abs)        000F94
_TRISD                        (abs)        000F95
_TRISDbits                    (abs)        000F95
_TRISE                        (abs)        000F96
_TXREG                        (abs)        000FAD
_TXREG2                       (abs)        000F73
_TXSTA1bits                   (abs)        000FAC
_TXSTA2bits                   (abs)        000F72
_UQEnd                        nvCOMRAM     00005D
_UQFront                      nvCOMRAM     00005E
_URBuff                       bssBANK0     000060
_USART2GotoNewLine            text6        0019A0
_USART2Init                   text5        00163E
_USART2WriteChar              text7        0019AE
_USART2WriteString            text4        001934
_USARTInit                    text3        0017C0
_Ubat                         bssCOMRAM    000043
__CFG_BOREN$OFF               (abs)        000000
__CFG_BORV$190                (abs)        000000
__CFG_CCP2MX$PORTC1           (abs)        000000
__CFG_CCP3MX$PORTB5           (abs)        000000
__CFG_CP0$OFF                 (abs)        000000
__CFG_CP1$OFF                 (abs)        000000
__CFG_CP2$OFF                 (abs)        000000
__CFG_CP3$OFF                 (abs)        000000
__CFG_CPB$OFF                 (abs)        000000
__CFG_CPD$OFF                 (abs)        000000
__CFG_EBTR0$OFF               (abs)        000000
__CFG_EBTR1$OFF               (abs)        000000
__CFG_EBTR2$OFF               (abs)        000000
__CFG_EBTR3$OFF               (abs)        000000
__CFG_EBTRB$OFF               (abs)        000000
__CFG_FCMEN$OFF               (abs)        000000
__CFG_FOSC$INTIO67            (abs)        000000
__CFG_HFOFST$ON               (abs)        000000
__CFG_IESO$OFF                (abs)        000000
__CFG_LVP$OFF                 (abs)        000000
__CFG_MCLRE$EXTMCLR           (abs)        000000
__CFG_P2BMX$PORTD2            (abs)        000000
__CFG_PBADEN$OFF              (abs)        000000
__CFG_PLLCFG$OFF              (abs)        000000
__CFG_PRICLKEN$ON             (abs)        000000
__CFG_PWRTEN$OFF              (abs)        000000
__CFG_STVREN$OFF              (abs)        000000
__CFG_T3CMX$PORTC0            (abs)        000000
__CFG_WDTEN$OFF               (abs)        000000
__CFG_WDTPS$32768             (abs)        000000
__CFG_WRT0$OFF                (abs)        000000
__CFG_WRT1$OFF                (abs)        000000
__CFG_WRT2$OFF                (abs)        000000
__CFG_WRT3$OFF                (abs)        000000
__CFG_WRTB$OFF                (abs)        000000
__CFG_WRTC$OFF                (abs)        000000
__CFG_WRTD$OFF                (abs)        000000
__CFG_XINST$OFF               (abs)        000000
__HRAM                        (abs)        000000
__Habs1                       abs1         000000
__Hbank0                      bank0        000000
__Hbank1                      bank1        000000
__Hbank10                     bank10       000000
__Hbank11                     bank11       000000
__Hbank12                     bank12       000000
__Hbank13                     bank13       000000
__Hbank14                     bank14       000000
__Hbank15                     bank15       000000
__Hbank2                      bank2        000000
__Hbank3                      bank3        000000
__Hbank4                      bank4        000000
__Hbank5                      bank5        000000
__Hbank6                      bank6        000000
__Hbank7                      bank7        000000
__Hbank8                      bank8        000000
__Hbank9                      bank9        000000
__Hbigbss                     bigbss       000000
__Hbigdata                    bigdata      000000
__Hbigram                     bigram       000000
__Hbss                        bss          000000
__HbssBANK0                   bssBANK0     000000
__HbssCOMRAM                  bssCOMRAM    000000
__Hcinit                      cinit        000000
__Hclrtext                    clrtext      000000
__Hcomram                     comram       000000
__Hconfig                     config       30000E
__Hconst                      const        000000
__HcstackBANK0                cstackBANK0  000000
__HcstackCOMRAM               cstackCOMRAM 000000
__Hdata                       data         000000
__Heeprom_data                eeprom_data  000000
__Hfarbss                     farbss       000000
__Hfardata                    fardata      000000
__Hibigdata                   ibigdata     000000
__Hidata                      idata        000000
__Hidloc                      idloc        200008
__Hifardata                   ifardata     000000
__Hinit                       init         000032
__Hintcode                    intcode      00002E
__Hintcode_body               intcode_body 000000
__Hintcodelo                  intcodelo    00002E
__Hintentry                   intentry     000000
__Hintret                     intret       000000
__Hintsave_regs               intsave_regs 000000
__Hirdata                     irdata       000000
__Hmediumconst                mediumconst  000000
__HnvCOMRAM                   nvCOMRAM     000000
__HnvFARRAM                   nvFARRAM     000000
__Hnvbit                      nvbit        000000
__Hnvrram                     nvrram       000000
__Hparam                      rparam       000000
__Hpowerup                    powerup      00002E
__Hram                        ram          000000
__Hramtop                     ramtop       001000
__Hrbit                       rbit         000000
__Hrbss                       rbss         000000
__Hrdata                      rdata        000000
__Hreset_vec                  reset_vec    000004
__Hrparam                     rparam       000000
__Hsfr                        sfr          000000
__Hsmallconst                 smallconst   001016
__Hspace_0                    (abs)        30000E
__Hspace_1                    (abs)        0000C0
__Hspace_2                    (abs)        000000
__Hstack                      stack        000000
__Hstruct                     struct       000000
__Htemp                       temp         000060
__Htext                       text         000000
__Htext0                      text0        000000
__Htext1                      text1        000000
__Htext11                     text11       000000
__Htext12                     text12       000000
__Htext13                     text13       000000
__Htext14                     text14       000000
__Htext15                     text15       000000
__Htext16                     text16       000000
__Htext2                      text2        000000
__Htext3                      text3        000000
__Htext4                      text4        000000
__Htext5                      text5        000000
__Htext6                      text6        000000
__Htext7                      text7        000000
__Htext8                      text8        000000
__Htext9                      text9        000000
__LRAM                        (abs)        000001
__Labs1                       abs1         000000
__Lbank0                      bank0        000000
__Lbank1                      bank1        000000
__Lbank10                     bank10       000000
__Lbank11                     bank11       000000
__Lbank12                     bank12       000000
__Lbank13                     bank13       000000
__Lbank14                     bank14       000000
__Lbank15                     bank15       000000
__Lbank2                      bank2        000000
__Lbank3                      bank3        000000
__Lbank4                      bank4        000000
__Lbank5                      bank5        000000
__Lbank6                      bank6        000000
__Lbank7                      bank7        000000
__Lbank8                      bank8        000000
__Lbank9                      bank9        000000
__Lbigbss                     bigbss       000000
__Lbigdata                    bigdata      000000
__Lbigram                     bigram       000000
__Lbss                        bss          000000
__LbssBANK0                   bssBANK0     000000
__LbssCOMRAM                  bssCOMRAM    000000
__Lcinit                      cinit        000000
__Lclrtext                    clrtext      000000
__Lcomram                     comram       000000
__Lconfig                     config       300000
__Lconst                      const        000000
__LcstackBANK0                cstackBANK0  000000
__LcstackCOMRAM               cstackCOMRAM 000000
__Ldata                       data         000000
__Leeprom_data                eeprom_data  000000
__Lfarbss                     farbss       000000
__Lfardata                    fardata      000000
__Libigdata                   ibigdata     000000
__Lidata                      idata        000000
__Lidloc                      idloc        200000
__Lifardata                   ifardata     000000
__Linit                       init         00002E
__Lintcode                    intcode      000008
__Lintcode_body               intcode_body 000000
__Lintcodelo                  intcodelo    00002E
__Lintentry                   intentry     000000
__Lintret                     intret       000000
__Lintsave_regs               intsave_regs 000000
__Lirdata                     irdata       000000
__Lmediumconst                mediumconst  000000
__LnvCOMRAM                   nvCOMRAM     000000
__LnvFARRAM                   nvFARRAM     000000
__Lnvbit                      nvbit        000000
__Lnvrram                     nvrram       000000
__Lparam                      rparam       000000
__Lpowerup                    powerup      00002E
__Lram                        ram          000000
__Lramtop                     ramtop       001000
__Lrbit                       rbit         000000
__Lrbss                       rbss         000000
__Lrdata                      rdata        000000
__Lreset_vec                  reset_vec    000000
__Lrparam                     rparam       000000
__Lsfr                        sfr          000000
__Lsmallconst                 smallconst   001000
__Lspace_0                    (abs)        000000
__Lspace_1                    (abs)        000000
__Lspace_2                    (abs)        000000
__Lstack                      stack        000000
__Lstruct                     struct       000000
__Ltemp                       temp         00005F
__Ltext                       text         000000
__Ltext0                      text0        000000
__Ltext1                      text1        000000
__Ltext11                     text11       000000
__Ltext12                     text12       000000
__Ltext13                     text13       000000
__Ltext14                     text14       000000
__Ltext15                     text15       000000
__Ltext16                     text16       000000
__Ltext2                      text2        000000
__Ltext3                      text3        000000
__Ltext4                      text4        000000
__Ltext5                      text5        000000
__Ltext6                      text6        000000
__Ltext7                      text7        000000
__Ltext8                      text8        000000
__Ltext9                      text9        000000
__S0                          (abs)        30000E
__S1                          (abs)        0000C0
__S2                          (abs)        000000
___awdiv                      text16       0016C2
___awdiv@counter              cstackCOMRAM 000005
___awdiv@dividend             cstackCOMRAM 000001
___awdiv@divisor              cstackCOMRAM 000003
___awdiv@quotient             cstackCOMRAM 000007
___awdiv@sign                 cstackCOMRAM 000006
___flmul                      text15       001016
___flmul@a                    cstackCOMRAM 000013
___flmul@aexp                 cstackCOMRAM 000020
___flmul@b                    cstackCOMRAM 00000F
___flmul@bexp                 cstackCOMRAM 000021
___flmul@grs                  cstackCOMRAM 00001C
___flmul@prod                 cstackCOMRAM 000022
___flmul@sign                 cstackCOMRAM 00001B
___flmul@temp                 cstackCOMRAM 000026
___fltol                      text14       001584
___fltol@exp1                 cstackCOMRAM 000031
___fltol@f1                   cstackCOMRAM 000028
___fltol@sign1                cstackCOMRAM 000030
___inthi_sp                   stack        000000
___intlo_sp                   stack        000000
___param_bank                 (abs)        000000
___rparam_used                (abs)        000001
___sp                         stack        000000
___xxtofl                     text13       001368
___xxtofl@arg                 cstackCOMRAM 00000B
___xxtofl@exp                 cstackCOMRAM 00000A
___xxtofl@sign                cstackCOMRAM 000009
___xxtofl@val                 cstackCOMRAM 000001
__accesstop                   (abs)        000060
__activetblptr                (abs)        000002
__end_of_USART2GotoNewLine    text6        0019AE
__end_of_USART2Init           text5        0016C2
__end_of_USART2WriteChar      text7        0019BC
__end_of_USART2WriteString    text4        001960
__end_of_USARTInit            text3        001838
__end_of___awdiv              text16       001746
__end_of___flmul              text15       001368
__end_of___fltol              text14       00163E
__end_of___xxtofl             text13       0014A8
__end_of__initialization      cinit        001978
__end_of_adc_config           text9        0019A0
__end_of_config               text8        001894
__end_of_eusart_config        text2        0018CC
__end_of_main                 text0        0017C0
__end_of_pwm_config           text1        001900
__end_of_serial               intcode      00002E
__end_of_steering             text12       001584
__end_of_steering_angle       text11       001934
__initialization              cinit        001960
__mediumconst                 mediumconst  000000
__pbssBANK0                   bssBANK0     000060
__pbssCOMRAM                  bssCOMRAM    00003B
__pcinit                      cinit        001960
__pcstackBANK0                cstackBANK0  0000BA
__pcstackCOMRAM               cstackCOMRAM 000001
__pintcode                    intcode      000008
__pnvCOMRAM                   nvCOMRAM     00005D
__psmallconst                 smallconst   001000
__ptext0                      text0        001746
__ptext1                      text1        0018CC
__ptext11                     text11       001900
__ptext12                     text12       0014A8
__ptext13                     text13       001368
__ptext14                     text14       001584
__ptext15                     text15       001016
__ptext16                     text16       0016C2
__ptext2                      text2        001894
__ptext3                      text3        0017C0
__ptext4                      text4        001934
__ptext5                      text5        00163E
__ptext6                      text6        0019A0
__ptext7                      text7        0019AE
__ptext8                      text8        001838
__ptext9                      text9        001986
__ramtop                      ramtop       001000
__size_of_USART2GotoNewLine   (abs)        000000
__size_of_USART2Init          (abs)        000000
__size_of_USART2WriteChar     (abs)        000000
__size_of_USART2WriteString   (abs)        000000
__size_of_USARTInit           (abs)        000000
__size_of___awdiv             (abs)        000000
__size_of___flmul             (abs)        000000
__size_of___fltol             (abs)        000000
__size_of___xxtofl            (abs)        000000
__size_of_adc_config          (abs)        000000
__size_of_config              (abs)        000000
__size_of_eusart_config       (abs)        000000
__size_of_main                (abs)        000000
__size_of_pwm_config          (abs)        000000
__size_of_serial              (abs)        000000
__size_of_steering            (abs)        000000
__size_of_steering_angle      (abs)        000000
__smallconst                  smallconst   001000
_adc_config                   text9        001986
_config                       text8        001838
_cor                          bssCOMRAM    00005B
_distanta                     bssCOMRAM    000057
_eusart_config                text2        001894
_main                         text0        001746
_pwm_config                   text1        0018CC
_rez_adc_A                    bssCOMRAM    000053
_rez_adc_U                    bssCOMRAM    000047
_serial                       intcode      000008
_steering                     text12       0014A8
_steering_angle               text11       001900
_str_A                        bssBANK0     0000A0
_str_V                        bssBANK0     0000A8
_tens                         bssCOMRAM    00003F
_tens_A                       bssCOMRAM    00004F
_timp_us                      bssCOMRAM    00003B
btemp                         temp         00005F
end_of_initialization         cinit        001978
int$flags                     temp         00005F
intlevel0                     text         000000
intlevel1                     text         000000
intlevel2                     text         000000
intlevel3                     text         000000
serial@angle_from_pi          cstackCOMRAM 00003A
stackhi                       (abs)        000F37
stacklo                       (abs)        0000C0
start                         init         00002E
start_initialization          cinit        001960
steering@buffer               cstackCOMRAM 000034
steering@dty_left             cstackCOMRAM 000033
steering@dty_right            cstackCOMRAM 000032
steering_angle@my_angle_a     cstackCOMRAM 000037
steering_angle@my_angle_b     cstackCOMRAM 000036
steering_angle@received_angle cstackCOMRAM 000035
ttemp5                        temp         000060
ttemp6                        temp         000063
ttemp7                        temp         000067
wtemp8                        temp         000060


FUNCTION INFORMATION:

 *************** function _main *****************
 Defined at:
		line 51 in file "main.c"
 Parameters:    Size  Location     Type
		None
 Auto vars:     Size  Location     Type
		None
 Return value:  Size  Location     Type
                  1    wreg      void 
 Registers used:
		wreg, status,2, status,0, tblptrl, tblptrh, tblptru, cstack
 Tracked objects:
		On entry : 
		On exit  : 
		Unchanged: 
 Data sizes:     COMRAM   BANK0   BANK1   BANK2   BANK3   BANK4   BANK5   BANK6   BANK7   BANK8   BANK9  BANK10  BANK11  BANK12  BANK13  BANK14  BANK15
      Params:         0       0       0       0       0       0       0       0       0       0       0       0       0       0       0       0       0
      Locals:         0       0       0       0       0       0       0       0       0       0       0       0       0       0       0       0       0
      Temps:          0       2       0       0       0       0       0       0       0       0       0       0       0       0       0       0       0
      Totals:         0       2       0       0       0       0       0       0       0       0       0       0       0       0       0       0       0
Total ram usage:        2 bytes
 Hardware stack levels required when called:    7
 This function calls:
		_adc_config
		_config
		_eusart_config
		_pwm_config
 This function is called by:
		Startup code after reset
 This function uses a non-reentrant model


 *************** function _pwm_config *****************
 Defined at:
		line 41 in file "config.c"
 Parameters:    Size  Location     Type
		None
 Auto vars:     Size  Location     Type
		None
 Return value:  Size  Location     Type
                  1    wreg      void 
 Registers used:
		wreg, status,2
 Tracked objects:
		On entry : 
		On exit  : 
		Unchanged: 
 Data sizes:     COMRAM   BANK0   BANK1   BANK2   BANK3   BANK4   BANK5   BANK6   BANK7   BANK8   BANK9  BANK10  BANK11  BANK12  BANK13  BANK14  BANK15
      Params:         0       0       0       0       0       0       0       0       0       0       0       0       0       0       0       0       0
      Locals:         0       0       0       0       0       0       0       0       0       0       0       0       0       0       0       0       0
      Temps:          0       0       0       0       0       0       0       0       0       0       0       0       0       0       0       0       0
      Totals:         0       0       0       0       0       0       0       0       0       0       0       0       0       0       0       0       0
Total ram usage:        0 bytes
 Hardware stack levels used:    1
 Hardware stack levels required when called:    4
 This function calls:
		Nothing
 This function is called by:
		_main
 This function uses a non-reentrant model


 *************** function _eusart_config *****************
 Defined at:
		line 73 in file "config.c"
 Parameters:    Size  Location     Type
		None
 Auto vars:     Size  Location     Type
		None
 Return value:  Size  Location     Type
                  1    wreg      void 
 Registers used:
		wreg, status,2, status,0, tblptrl, tblptrh, tblptru, cstack
 Tracked objects:
		On entry : 
		On exit  : 
		Unchanged: 
 Data sizes:     COMRAM   BANK0   BANK1   BANK2   BANK3   BANK4   BANK5   BANK6   BANK7   BANK8   BANK9  BANK10  BANK11  BANK12  BANK13  BANK14  BANK15
      Params:         0       0       0       0       0       0       0       0       0       0       0       0       0       0       0       0       0
      Locals:         0       0       0       0       0       0       0       0       0       0       0       0       0       0       0       0       0
      Temps:          0       0       0       0       0       0       0       0       0       0       0       0       0       0       0       0       0
      Totals:         0       0       0       0       0       0       0       0       0       0       0       0       0       0       0       0       0
Total ram usage:        0 bytes
 Hardware stack levels used:    1
 Hardware stack levels required when called:    6
 This function calls:
		_USART2GotoNewLine
		_USART2Init
		_USART2WriteString
		_USARTInit
 This function is called by:
		_main
 This function uses a non-reentrant model


 *************** function _USARTInit *****************
 Defined at:
		line 31 in file "usart_pic16.c"
 Parameters:    Size  Location     Type
  baud_rate       2    0[BANK0 ] unsigned int 
 Auto vars:     Size  Location     Type
		None
 Return value:  Size  Location     Type
                  1    wreg      void 
 Registers used:
		wreg, status,2, status,0
 Tracked objects:
		On entry : 
		On exit  : 
		Unchanged: 
 Data sizes:     COMRAM   BANK0   BANK1   BANK2   BANK3   BANK4   BANK5   BANK6   BANK7   BANK8   BANK9  BANK10  BANK11  BANK12  BANK13  BANK14  BANK15
      Params:         0       2       0       0       0       0       0       0       0       0       0       0       0       0       0       0       0
      Locals:         0       0       0       0       0       0       0       0       0       0       0       0       0       0       0       0       0
      Temps:          0       2       0       0       0       0       0       0       0       0       0       0       0       0       0       0       0
      Totals:         0       4       0       0       0       0       0       0       0       0       0       0       0       0       0       0       0
Total ram usage:        4 bytes
 Hardware stack levels used:    1
 Hardware stack levels required when called:    4
 This function calls:
		Nothing
 This function is called by:
		_eusart_config
 This function uses a non-reentrant model


 *************** function _USART2WriteString *****************
 Defined at:
		line 284 in file "usart_pic16.c"
 Parameters:    Size  Location     Type
  str             2    1[BANK0 ] PTR const unsigned char 
		 -> STR_1(19), 
 Auto vars:     Size  Location     Type
		None
 Return value:  Size  Location     Type
                  1    wreg      void 
 Registers used:
		wreg, status,2, status,0, tblptrl, tblptrh, tblptru, cstack
 Tracked objects:
		On entry : 
		On exit  : 
		Unchanged: 
 Data sizes:     COMRAM   BANK0   BANK1   BANK2   BANK3   BANK4   BANK5   BANK6   BANK7   BANK8   BANK9  BANK10  BANK11  BANK12  BANK13  BANK14  BANK15
      Params:         0       2       0       0       0       0       0       0       0       0       0       0       0       0       0       0       0
      Locals:         0       0       0       0       0       0       0       0       0       0       0       0       0       0       0       0       0
      Temps:          0       0       0       0       0       0       0       0       0       0       0       0       0       0       0       0       0
      Totals:         0       2       0       0       0       0       0       0       0       0       0       0       0       0       0       0       0
Total ram usage:        2 bytes
 Hardware stack levels used:    1
 Hardware stack levels required when called:    5
 This function calls:
		_USART2WriteChar
 This function is called by:
		_eusart_config
 This function uses a non-reentrant model


 *************** function _USART2Init *****************
 Defined at:
		line 233 in file "usart_pic16.c"
 Parameters:    Size  Location     Type
  baud_rate       2    0[BANK0 ] unsigned int 
 Auto vars:     Size  Location     Type
		None
 Return value:  Size  Location     Type
                  1    wreg      void 
 Registers used:
		wreg, status,2, status,0
 Tracked objects:
		On entry : 
		On exit  : 
		Unchanged: 
 Data sizes:     COMRAM   BANK0   BANK1   BANK2   BANK3   BANK4   BANK5   BANK6   BANK7   BANK8   BANK9  BANK10  BANK11  BANK12  BANK13  BANK14  BANK15
      Params:         0       2       0       0       0       0       0       0       0       0       0       0       0       0       0       0       0
      Locals:         0       0       0       0       0       0       0       0       0       0       0       0       0       0       0       0       0
      Temps:          0       2       0       0       0       0       0       0       0       0       0       0       0       0       0       0       0
      Totals:         0       4       0       0       0       0       0       0       0       0       0       0       0       0       0       0       0
Total ram usage:        4 bytes
 Hardware stack levels used:    1
 Hardware stack levels required when called:    4
 This function calls:
		Nothing
 This function is called by:
		_eusart_config
 This function uses a non-reentrant model


 *************** function _USART2GotoNewLine *****************
 Defined at:
		line 293 in file "usart_pic16.c"
 Parameters:    Size  Location     Type
		None
 Auto vars:     Size  Location     Type
		None
 Return value:  Size  Location     Type
                  1    wreg      void 
 Registers used:
		wreg, cstack
 Tracked objects:
		On entry : 
		On exit  : 
		Unchanged: 
 Data sizes:     COMRAM   BANK0   BANK1   BANK2   BANK3   BANK4   BANK5   BANK6   BANK7   BANK8   BANK9  BANK10  BANK11  BANK12  BANK13  BANK14  BANK15
      Params:         0       0       0       0       0       0       0       0       0       0       0       0       0       0       0       0       0
      Locals:         0       0       0       0       0       0       0       0       0       0       0       0       0       0       0       0       0
      Temps:          0       0       0       0       0       0       0       0       0       0       0       0       0       0       0       0       0
      Totals:         0       0       0       0       0       0       0       0       0       0       0       0       0       0       0       0       0
Total ram usage:        0 bytes
 Hardware stack levels used:    1
 Hardware stack levels required when called:    5
 This function calls:
		_USART2WriteChar
 This function is called by:
		_eusart_config
 This function uses a non-reentrant model


 *************** function _USART2WriteChar *****************
 Defined at:
		line 277 in file "usart_pic16.c"
 Parameters:    Size  Location     Type
  ch              1    wreg     unsigned char 
 Auto vars:     Size  Location     Type
  ch              1    0[BANK0 ] unsigned char 
 Return value:  Size  Location     Type
                  1    wreg      void 
 Registers used:
		wreg
 Tracked objects:
		On entry : 
		On exit  : 
		Unchanged: 
 Data sizes:     COMRAM   BANK0   BANK1   BANK2   BANK3   BANK4   BANK5   BANK6   BANK7   BANK8   BANK9  BANK10  BANK11  BANK12  BANK13  BANK14  BANK15
      Params:         0       0       0       0       0       0       0       0       0       0       0       0       0       0       0       0       0
      Locals:         0       1       0       0       0       0       0       0       0       0       0       0       0       0       0       0       0
      Temps:          0       0       0       0       0       0       0       0       0       0       0       0       0       0       0       0       0
      Totals:         0       1       0       0       0       0       0       0       0       0       0       0       0       0       0       0       0
Total ram usage:        1 bytes
 Hardware stack levels used:    1
 Hardware stack levels required when called:    4
 This function calls:
		Nothing
 This function is called by:
		_USART2WriteString
		_USART2GotoNewLine
		_USART2WriteInt
 This function uses a non-reentrant model


 *************** function _config *****************
 Defined at:
		line 7 in file "config.c"
 Parameters:    Size  Location     Type
		None
 Auto vars:     Size  Location     Type
		None
 Return value:  Size  Location     Type
                  1    wreg      void 
 Registers used:
		wreg, status,2
 Tracked objects:
		On entry : 
		On exit  : 
		Unchanged: 
 Data sizes:     COMRAM   BANK0   BANK1   BANK2   BANK3   BANK4   BANK5   BANK6   BANK7   BANK8   BANK9  BANK10  BANK11  BANK12  BANK13  BANK14  BANK15
      Params:         0       0       0       0       0       0       0       0       0       0       0       0       0       0       0       0       0
      Locals:         0       0       0       0       0       0       0       0       0       0       0       0       0       0       0       0       0
      Temps:          0       0       0       0       0       0       0       0       0       0       0       0       0       0       0       0       0
      Totals:         0       0       0       0       0       0       0       0       0       0       0       0       0       0       0       0       0
Total ram usage:        0 bytes
 Hardware stack levels used:    1
 Hardware stack levels required when called:    4
 This function calls:
		Nothing
 This function is called by:
		_main
 This function uses a non-reentrant model


 *************** function _adc_config *****************
 Defined at:
		line 59 in file "config.c"
 Parameters:    Size  Location     Type
		None
 Auto vars:     Size  Location     Type
		None
 Return value:  Size  Location     Type
                  1    wreg      void 
 Registers used:
		wreg, status,2
 Tracked objects:
		On entry : 
		On exit  : 
		Unchanged: 
 Data sizes:     COMRAM   BANK0   BANK1   BANK2   BANK3   BANK4   BANK5   BANK6   BANK7   BANK8   BANK9  BANK10  BANK11  BANK12  BANK13  BANK14  BANK15
      Params:         0       0       0       0       0       0       0       0       0       0       0       0       0       0       0       0       0
      Locals:         0       0       0       0       0       0       0       0       0       0       0       0       0       0       0       0       0
      Temps:          0       0       0       0       0       0       0       0       0       0       0       0       0       0       0       0       0
      Totals:         0       0       0       0       0       0       0       0       0       0       0       0       0       0       0       0       0
Total ram usage:        0 bytes
 Hardware stack levels used:    1
 Hardware stack levels required when called:    4
 This function calls:
		Nothing
 This function is called by:
		_main
 This function uses a non-reentrant model


 *************** function _serial *****************
 Defined at:
		line 37 in file "main.c"
 Parameters:    Size  Location     Type
		None
 Auto vars:     Size  Location     Type
  angle_from_p    1   57[COMRAM] unsigned char 
 Return value:  Size  Location     Type
                  1    wreg      void 
 Registers used:
		wreg, status,2, status,0, prodl, prodh, cstack
 Tracked objects:
		On entry : 
		On exit  : 
		Unchanged: 
 Data sizes:     COMRAM   BANK0   BANK1   BANK2   BANK3   BANK4   BANK5   BANK6   BANK7   BANK8   BANK9  BANK10  BANK11  BANK12  BANK13  BANK14  BANK15
      Params:         0       0       0       0       0       0       0       0       0       0       0       0       0       0       0       0       0
      Locals:         1       0       0       0       0       0       0       0       0       0       0       0       0       0       0       0       0
      Temps:          2       0       0       0       0       0       0       0       0       0       0       0       0       0       0       0       0
      Totals:         3       0       0       0       0       0       0       0       0       0       0       0       0       0       0       0       0
Total ram usage:        3 bytes
 Hardware stack levels used:    1
 Hardware stack levels required when called:    3
 This function calls:
		_steering_angle
 This function is called by:
		Interrupt level 2
 This function uses a non-reentrant model


 *************** function _steering_angle *****************
 Defined at:
		line 98 in file "pwm_config.c"
 Parameters:    Size  Location     Type
  received_ang    1    wreg     unsigned char 
 Auto vars:     Size  Location     Type
  received_ang    1   52[COMRAM] unsigned char 
  my_angle_a      1   54[COMRAM] unsigned char 
  my_angle_b      1   53[COMRAM] unsigned char 
 Return value:  Size  Location     Type
                  1    wreg      void 
 Registers used:
		wreg, status,2, status,0, prodl, prodh, cstack
 Tracked objects:
		On entry : 
		On exit  : 
		Unchanged: 
 Data sizes:     COMRAM   BANK0   BANK1   BANK2   BANK3   BANK4   BANK5   BANK6   BANK7   BANK8   BANK9  BANK10  BANK11  BANK12  BANK13  BANK14  BANK15
      Params:         0       0       0       0       0       0       0       0       0       0       0       0       0       0       0       0       0
      Locals:         3       0       0       0       0       0       0       0       0       0       0       0       0       0       0       0       0
      Temps:          0       0       0       0       0       0       0       0       0       0       0       0       0       0       0       0       0
      Totals:         3       0       0       0       0       0       0       0       0       0       0       0       0       0       0       0       0
Total ram usage:        3 bytes
 Hardware stack levels used:    1
 Hardware stack levels required when called:    2
 This function calls:
		___awdiv
		_steering
 This function is called by:
		_serial
 This function uses a non-reentrant model


 *************** function _steering *****************
 Defined at:
		line 22 in file "pwm_config.c"
 Parameters:    Size  Location     Type
  dty_left        1    wreg     unsigned char 
  dty_right       1   49[COMRAM] unsigned char 
 Auto vars:     Size  Location     Type
  dty_left        1   50[COMRAM] unsigned char 
  buffer          1   51[COMRAM] unsigned char 
 Return value:  Size  Location     Type
                  1    wreg      void 
 Registers used:
		wreg, status,2, status,0, prodl, prodh, cstack
 Tracked objects:
		On entry : 
		On exit  : 
		Unchanged: 
 Data sizes:     COMRAM   BANK0   BANK1   BANK2   BANK3   BANK4   BANK5   BANK6   BANK7   BANK8   BANK9  BANK10  BANK11  BANK12  BANK13  BANK14  BANK15
      Params:         1       0       0       0       0       0       0       0       0       0       0       0       0       0       0       0       0
      Locals:         2       0       0       0       0       0       0       0       0       0       0       0       0       0       0       0       0
      Temps:          0       0       0       0       0       0       0       0       0       0       0       0       0       0       0       0       0
      Totals:         3       0       0       0       0       0       0       0       0       0       0       0       0       0       0       0       0
Total ram usage:        3 bytes
 Hardware stack levels used:    1
 Hardware stack levels required when called:    1
 This function calls:
		___awdiv
		___flmul
		___fltol
		___xxtofl
 This function is called by:
		_steering_angle
 This function uses a non-reentrant model


 *************** function ___xxtofl *****************
 Defined at:
		line 10 in file "D:\Program Files\Microchip\xc8\v2.05\pic\sources\c90\common\xxtofl.c"
 Parameters:    Size  Location     Type
  sign            1    wreg     unsigned char 
  val             4    0[COMRAM] long 
 Auto vars:     Size  Location     Type
  sign            1    8[COMRAM] unsigned char 
  arg             4   10[COMRAM] unsigned long 
  exp             1    9[COMRAM] unsigned char 
 Return value:  Size  Location     Type
                  4    0[COMRAM] unsigned char 
 Registers used:
		wreg, status,2, status,0
 Tracked objects:
		On entry : 
		On exit  : 
		Unchanged: 
 Data sizes:     COMRAM   BANK0   BANK1   BANK2   BANK3   BANK4   BANK5   BANK6   BANK7   BANK8   BANK9  BANK10  BANK11  BANK12  BANK13  BANK14  BANK15
      Params:         4       0       0       0       0       0       0       0       0       0       0       0       0       0       0       0       0
      Locals:         6       0       0       0       0       0       0       0       0       0       0       0       0       0       0       0       0
      Temps:          4       0       0       0       0       0       0       0       0       0       0       0       0       0       0       0       0
      Totals:        14       0       0       0       0       0       0       0       0       0       0       0       0       0       0       0       0
Total ram usage:       14 bytes
 Hardware stack levels used:    1
 This function calls:
		Nothing
 This function is called by:
		_steering
		_read_Ibat
		_read_Ubat
 This function uses a non-reentrant model


 *************** function ___fltol *****************
 Defined at:
		line 43 in file "D:\Program Files\Microchip\xc8\v2.05\pic\sources\c90\common\fltol.c"
 Parameters:    Size  Location     Type
  f1              4   39[COMRAM] unsigned char 
 Auto vars:     Size  Location     Type
  exp1            1   48[COMRAM] unsigned char 
  sign1           1   47[COMRAM] unsigned char 
 Return value:  Size  Location     Type
                  4   39[COMRAM] long 
 Registers used:
		wreg, status,2, status,0
 Tracked objects:
		On entry : 
		On exit  : 
		Unchanged: 
 Data sizes:     COMRAM   BANK0   BANK1   BANK2   BANK3   BANK4   BANK5   BANK6   BANK7   BANK8   BANK9  BANK10  BANK11  BANK12  BANK13  BANK14  BANK15
      Params:         4       0       0       0       0       0       0       0       0       0       0       0       0       0       0       0       0
      Locals:         2       0       0       0       0       0       0       0       0       0       0       0       0       0       0       0       0
      Temps:          4       0       0       0       0       0       0       0       0       0       0       0       0       0       0       0       0
      Totals:        10       0       0       0       0       0       0       0       0       0       0       0       0       0       0       0       0
Total ram usage:       10 bytes
 Hardware stack levels used:    1
 This function calls:
		Nothing
 This function is called by:
		_steering
 This function uses a non-reentrant model


 *************** function ___flmul *****************
 Defined at:
		line 8 in file "D:\Program Files\Microchip\xc8\v2.05\pic\sources\c90\common\sprcmul.c"
 Parameters:    Size  Location     Type
  b               4   14[COMRAM] long 
  a               4   18[COMRAM] long 
 Auto vars:     Size  Location     Type
  prod            4   33[COMRAM] struct .
  grs             4   27[COMRAM] unsigned long 
  temp            2   37[COMRAM] struct .
  bexp            1   32[COMRAM] unsigned char 
  aexp            1   31[COMRAM] unsigned char 
  sign            1   26[COMRAM] unsigned char 
 Return value:  Size  Location     Type
                  4   14[COMRAM] unsigned char 
 Registers used:
		wreg, status,2, status,0, prodl, prodh
 Tracked objects:
		On entry : 
		On exit  : 
		Unchanged: 
 Data sizes:     COMRAM   BANK0   BANK1   BANK2   BANK3   BANK4   BANK5   BANK6   BANK7   BANK8   BANK9  BANK10  BANK11  BANK12  BANK13  BANK14  BANK15
      Params:         8       0       0       0       0       0       0       0       0       0       0       0       0       0       0       0       0
      Locals:        13       0       0       0       0       0       0       0       0       0       0       0       0       0       0       0       0
      Temps:          4       0       0       0       0       0       0       0       0       0       0       0       0       0       0       0       0
      Totals:        25       0       0       0       0       0       0       0       0       0       0       0       0       0       0       0       0
Total ram usage:       25 bytes
 Hardware stack levels used:    1
 This function calls:
		Nothing
 This function is called by:
		_steering
		_read_Ibat
		_read_Ubat
 This function uses a non-reentrant model


 *************** function ___awdiv *****************
 Defined at:
		line 7 in file "D:\Program Files\Microchip\xc8\v2.05\pic\sources\c90\common\awdiv.c"
 Parameters:    Size  Location     Type
  dividend        2    0[COMRAM] int 
  divisor         2    2[COMRAM] int 
 Auto vars:     Size  Location     Type
  quotient        2    6[COMRAM] int 
  sign            1    5[COMRAM] unsigned char 
  counter         1    4[COMRAM] unsigned char 
 Return value:  Size  Location     Type
                  2    0[COMRAM] int 
 Registers used:
		wreg, status,2, status,0
 Tracked objects:
		On entry : 
		On exit  : 
		Unchanged: 
 Data sizes:     COMRAM   BANK0   BANK1   BANK2   BANK3   BANK4   BANK5   BANK6   BANK7   BANK8   BANK9  BANK10  BANK11  BANK12  BANK13  BANK14  BANK15
      Params:         4       0       0       0       0       0       0       0       0       0       0       0       0       0       0       0       0
      Locals:         4       0       0       0       0       0       0       0       0       0       0       0       0       0       0       0       0
      Temps:          0       0       0       0       0       0       0       0       0       0       0       0       0       0       0       0       0
      Totals:         8       0       0       0       0       0       0       0       0       0       0       0       0       0       0       0       0
Total ram usage:        8 bytes
 Hardware stack levels used:    1
 This function calls:
		Nothing
 This function is called by:
		_steering
		_steering_angle
		_USARTWriteInt
		_USART2WriteInt
 This function uses a non-reentrant model



MODULE INFORMATION

Module		Function		Class		Link	Load	Size
D:\Program Files\Microchip\xc8\v2.05\pic\sources\c90\common\sprcmul.c
		___flmul       		CODE           	1016	0000	851

D:\Program Files\Microchip\xc8\v2.05\pic\sources\c90\common\sprcmul.c estimated size: 851

usart_pic16.c
		_USART2GotoNewLine		CODE           	19A0	0000	15
		_USART2WriteString		CODE           	1934	0000	45
		_USART2Init    		CODE           	163E	0000	133
		_USART2WriteChar		CODE           	19AE	0000	15
		_USARTInit     		CODE           	17C0	0000	121

usart_pic16.c estimated size: 329

D:\Program Files\Microchip\xc8\v2.05\pic\sources\c90\common\xxtofl.c
		___xxtofl      		CODE           	1368	0000	321

D:\Program Files\Microchip\xc8\v2.05\pic\sources\c90\common\xxtofl.c estimated size: 321

config.c
		_config        		CODE           	1838	0000	93
		_pwm_config    		CODE           	18CC	0000	53
		_adc_config    		CODE           	1986	0000	27
		_eusart_config 		CODE           	1894	0000	57

config.c estimated size: 230

D:\Program Files\Microchip\xc8\v2.05\pic\sources\c90\common\fltol.c
		___fltol       		CODE           	1584	0000	187

D:\Program Files\Microchip\xc8\v2.05\pic\sources\c90\common\fltol.c estimated size: 187

shared
		__initialization		CODE           	1960	0000	25

shared estimated size: 25

pwm_config.c
		_steering      		CODE           	14A8	0000	221
		_steering_angle		CODE           	1900	0000	53

pwm_config.c estimated size: 274

D:\Program Files\Microchip\xc8\v2.05\pic\sources\c90\common\awdiv.c
		___awdiv       		CODE           	16C2	0000	133

D:\Program Files\Microchip\xc8\v2.05\pic\sources\c90\common\awdiv.c estimated size: 133

main.c
		_serial        		CODE           	0008	0000	39
		_main          		CODE           	1746	0000	123

main.c estimated size: 162

